// Jest Snapshot v1, https://goo.gl/fbAQLP

exports[`Typography Snapshot Typography Testing 1`] = `
<p
  className="MuiTypography-root MuiTypography-body1 css-ahj2mt-MuiTypography-root"
>
  Hello
</p>
`;
